
Running 18 tests using 1 worker

  Γ£ô   1 [chromium] ΓÇ║ tests\personal-workspace\personal-workspace.spec.ts:117:3 ΓÇ║ 1. Signup Wizard ΓÇö UI & Validation ΓÇ║ renders signup page with step 1 active (6.1s)
  Γ£ô   2 [chromium] ΓÇ║ tests\personal-workspace\personal-workspace.spec.ts:126:3 ΓÇ║ 1. Signup Wizard ΓÇö UI & Validation ΓÇ║ shows step indicator with Account active (2.4s)
  Γ£ô   3 [chromium] ΓÇ║ tests\personal-workspace\personal-workspace.spec.ts:131:3 ΓÇ║ 1. Signup Wizard ΓÇö UI & Validation ΓÇ║ shows Google sign-in button on step 1 (2.3s)
  Γ£ô   4 [chromium] ΓÇ║ tests\personal-workspace\personal-workspace.spec.ts:135:3 ΓÇ║ 1. Signup Wizard ΓÇö UI & Validation ΓÇ║ shows free tier info box (2.4s)
  Γ£ô   5 [chromium] ΓÇ║ tests\personal-workspace\personal-workspace.spec.ts:142:3 ΓÇ║ 1. Signup Wizard ΓÇö UI & Validation ΓÇ║ shows footer links to sign-in and form generator (2.7s)
  Γ£ô   6 [chromium] ΓÇ║ tests\personal-workspace\personal-workspace.spec.ts:147:3 ΓÇ║ 1. Signup Wizard ΓÇö UI & Validation ΓÇ║ validates empty full name (4.0s)
  Γ£ô   7 [chromium] ΓÇ║ tests\personal-workspace\personal-workspace.spec.ts:157:3 ΓÇ║ 1. Signup Wizard ΓÇö UI & Validation ΓÇ║ validates empty email (2.4s)
  Γ£ô   8 [chromium] ΓÇ║ tests\personal-workspace\personal-workspace.spec.ts:167:3 ΓÇ║ 1. Signup Wizard ΓÇö UI & Validation ΓÇ║ validates short password (2.3s)
  Γ£ô   9 [chromium] ΓÇ║ tests\personal-workspace\personal-workspace.spec.ts:176:3 ΓÇ║ 1. Signup Wizard ΓÇö UI & Validation ΓÇ║ validates password mismatch (2.4s)
  Γ£ô  10 [chromium] ΓÇ║ tests\personal-workspace\personal-workspace.spec.ts:185:3 ΓÇ║ 1. Signup Wizard ΓÇö UI & Validation ΓÇ║ advances to step 2 with valid account info (2.5s)
  Γ£ô  11 [chromium] ΓÇ║ tests\personal-workspace\personal-workspace.spec.ts:200:3 ΓÇ║ 1. Signup Wizard ΓÇö UI & Validation ΓÇ║ step 2 shows Back button (2.5s)
  Γ£ô  12 [chromium] ΓÇ║ tests\personal-workspace\personal-workspace.spec.ts:210:3 ΓÇ║ 1. Signup Wizard ΓÇö UI & Validation ΓÇ║ Back button returns to step 1 with preserved data (2.4s)
  Γ£ô  13 [chromium] ΓÇ║ tests\personal-workspace\personal-workspace.spec.ts:223:3 ΓÇ║ 1. Signup Wizard ΓÇö UI & Validation ΓÇ║ step 2 validates required school name (2.5s)
  Γ£ô  14 [chromium] ΓÇ║ tests\personal-workspace\personal-workspace.spec.ts:240:3 ΓÇ║ 1. Signup Wizard ΓÇö UI & Validation ΓÇ║ step 2 validates required division (2.4s)
  Γ£ô  15 [chromium] ΓÇ║ tests\personal-workspace\personal-workspace.spec.ts:257:3 ΓÇ║ 1. Signup Wizard ΓÇö UI & Validation ΓÇ║ step 2 validates required region (2.8s)
  Γ£ô  16 [chromium] ΓÇ║ tests\personal-workspace\personal-workspace.spec.ts:274:3 ΓÇ║ 1. Signup Wizard ΓÇö UI & Validation ΓÇ║ step 2 validates required section name (2.4s)
  Γ£ô  17 [chromium] ΓÇ║ tests\personal-workspace\personal-workspace.spec.ts:291:3 ΓÇ║ 1. Signup Wizard ΓÇö UI & Validation ΓÇ║ region dropdown has all 17 DepEd regions (2.4s)
  Γ£ô  18 [chromium] ΓÇ║ tests\personal-workspace\personal-workspace.spec.ts:303:3 ΓÇ║ 1. Signup Wizard ΓÇö UI & Validation ΓÇ║ grade level dropdown has grades 1-12 (2.7s)

  18 passed (52.8s)
